---
source: src/fof.rs
expression: parsed
snapshot_kind: text
---
p,q
