---
source: src/fof.rs
expression: parsed
---
Logic(
    Binary(
        Assoc(
            Or(
                OrFormula(
                    [
                        Unitary(
                            Atomic(
                                Defined(
                                    Plain(
                                        DefinedPlainFormula(
                                            Constant(
                                                DefinedConstant(
                                                    DefinedFunctor(
                                                        AtomicDefinedWord(
                                                            DollarWord(
                                                                LowerWord(
                                                                    "true",
                                                                ),
                                                            ),
                                                        ),
                                                    ),
                                                ),
                                            ),
                                        ),
                                    ),
                                ),
                            ),
                        ),
                        Unitary(
                            Atomic(
                                Defined(
                                    Plain(
                                        DefinedPlainFormula(
                                            Constant(
                                                DefinedConstant(
                                                    DefinedFunctor(
                                                        AtomicDefinedWord(
                                                            DollarWord(
                                                                LowerWord(
                                                                    "false",
                                                                ),
                                                            ),
                                                        ),
                                                    ),
                                                ),
                                            ),
                                        ),
                                    ),
                                ),
                            ),
                        ),
                    ],
                ),
            ),
        ),
    ),
)
