---
source: src/top.rs
expression: parsed
---
Data(
    Formula(
        Fof(
            Logic(
                Unitary(
                    Atomic(
                        Plain(
                            PlainAtomicFormula(
                                Constant(
                                    Constant(
                                        Functor(
                                            Lower(
                                                LowerWord(
                                                    "p",
                                                ),
                                            ),
                                        ),
                                    ),
                                ),
                            ),
                        ),
                    ),
                ),
            ),
        ),
    ),
)
